﻿[36mvite v5.4.21 [32mbuilding for production...[36m[39m
transforming...
[32mÔ£ô[39m 3 modules transformed.
node.exe : [31mx[39m Build failed in 305ms
At C:\Program Files\nodejs\npx.ps1:29 char:3
+   & $NODE_EXE $NPX_CLI_JS $args
+   ~~~~~~~~~~~~~~~~~~~~~~~~~~~~~
    + CategoryInfo          : NotSpecified: ([31mx[39m 
    Build failed in 305ms:String) [], RemoteException
    + FullyQualifiedErrorId : NativeCommandError
 
[31merror during build:
[31m[vite:esbuild] Transform failed with 1 error:
C:/Users/K/.gemini/antigravity/scratch/kcxTerminal/src/Ap
p.jsx:173:25: ERROR: Syntax error "`"[31m
file: [36mC:/Users/K/.gemini/antigravity/scratch/kcxTerm
inal/src/App.jsx:173:25[31m
[33m
[33mSyntax error "`"[33m
171|            const newPath = (path === '/' ? '' : 
path) + '/' + target;
172|            if (FILE_SYSTEM[newPath] && 
FILE_SYSTEM[newPath].type === 'dir') setPath(newPath);
173|            else output = \`cd: \${target}\: No such 
file or directory\`;
   |                           ^
174|          }
175|          break;
[31m
    at failureErrorWithLog (C:\Users\K\.gemini\antigravit
y\scratch\kcxTerminal\node_modules\esbuild\lib\main.js:14
72:15)
    at C:\Users\K\.gemini\antigravity\scratch\kcxTerminal
\node_modules\esbuild\lib\main.js:755:50
    at responseCallbacks.<computed> (C:\Users\K\.gemini\a
ntigravity\scratch\kcxTerminal\node_modules\esbuild\lib\m
ain.js:622:9)
    at handleIncomingPacket (C:\Users\K\.gemini\antigravi
ty\scratch\kcxTerminal\node_modules\esbuild\lib\main.js:6
77:12)
    at Socket.readFromStdout (C:\Users\K\.gemini\antigrav
ity\scratch\kcxTerminal\node_modules\esbuild\lib\main.js:
600:7)
    at Socket.emit (node:events:518:28)
    at addChunk (node:internal/streams/readable:561:12)
    at readableAddChunkPushByteMode 
(node:internal/streams/readable:512:3)
    at Readable.push 
(node:internal/streams/readable:392:5)
    at Pipe.onStreamRead 
(node:internal/stream_base_commons:189:23)[39m
